[    0.000000] Initializing cgroup subsys cpuset
[    0.000000] Initializing cgroup subsys cpu
[    0.000000] Initializing cgroup subsys cpuacct
[    0.000000] Linux version 4.4.0-78-generic (buildd@lgw01-11) (gcc version 5.4.0 20160609 (Ubuntu 5.4.0-6ubuntu1~16.04.4) ) #99-Ubuntu SMP Thu Apr 27 15:29:09 UTC 2017 (Ubuntu 4.4.0-78.99-generic 4.4.62)
[    0.000000] Command line: BOOT_IMAGE=/boot/vmlinuz-4.4.0-78-generic root=LABEL=cloudimg-rootfs ro console=tty1 console=ttyS0
[    0.000000] KERNEL supported cpus:
[    0.000000]   Intel GenuineIntel
[    0.000000]   AMD AuthenticAMD
[    0.000000]   Centaur CentaurHauls
[    0.000000] x86/fpu: xstate_offset[2]:  576, xstate_sizes[2]:  256
[    0.000000] x86/fpu: Supporting XSAVE feature 0x01: 'x87 floating point registers'
[    0.000000] x86/fpu: Supporting XSAVE feature 0x02: 'SSE registers'
[    0.000000] x86/fpu: Supporting XSAVE feature 0x04: 'AVX registers'
[    0.000000] x86/fpu: Enabled xstate features 0x7, context size is 832 bytes, using 'standard' format.
[    0.000000] x86/fpu: Using 'lazy' FPU context switches.
[    0.000000] e820: BIOS-provided physical RAM map:
[    0.000000] BIOS-e820: [mem 0x0000000000000000-0x000000000009fbff] usable
[    0.000000] BIOS-e820: [mem 0x000000000009fc00-0x000000000009ffff] reserved
[    0.000000] BIOS-e820: [mem 0x00000000000f0000-0x00000000000fffff] reserved
[    0.000000] BIOS-e820: [mem 0x0000000000100000-0x000000003ffeffff] usable
[    0.000000] BIOS-e820: [mem 0x000000003fff0000-0x000000003fffffff] ACPI data
[    0.000000] BIOS-e820: [mem 0x00000000fec00000-0x00000000fec00fff] reserved
[    0.000000] BIOS-e820: [mem 0x00000000fee00000-0x00000000fee00fff] reserved
[    0.000000] BIOS-e820: [mem 0x00000000fffc0000-0x00000000ffffffff] reserved
[    0.000000] NX (Execute Disable) protection: active
[    0.000000] SMBIOS 2.5 present.
[    0.000000] Hypervisor detected: KVM
[    0.000000] e820: last_pfn = 0x3fff0 max_arch_pfn = 0x400000000
[    0.000000] MTRR: Disabled
[    0.000000] x86/PAT: MTRRs disabled, skipping PAT initialization too.
[    0.000000] x86/PAT: Configuration [0-7]: WB  WT  UC- UC  WB  WT  UC- UC  
[    0.000000] CPU MTRRs all blank - virtualized system.
[    0.000000] found SMP MP-table at [mem 0x0009fff0-0x0009ffff] mapped at [ffff88000009fff0]
[    0.000000] Scanning 1 areas for low memory corruption
[    0.000000] RAMDISK: [mem 0x36ada000-0x37564fff]
[    0.000000] ACPI: Early table checksum verification disabled
[    0.000000] ACPI: RSDP 0x00000000000E0000 000024 (v02 VBOX  )
[    0.000000] ACPI: XSDT 0x000000003FFF0030 00003C (v01 VBOX   VBOXXSDT 00000001 ASL  00000061)
[    0.000000] ACPI: FACP 0x000000003FFF00F0 0000F4 (v04 VBOX   VBOXFACP 00000001 ASL  00000061)
[    0.000000] ACPI: DSDT 0x000000003FFF0470 0021C8 (v02 VBOX   VBOXBIOS 00000002 INTL 20100528)
[    0.000000] ACPI: FACS 0x000000003FFF0200 000040
[    0.000000] ACPI: FACS 0x000000003FFF0200 000040
[    0.000000] ACPI: APIC 0x000000003FFF0240 00005C (v02 VBOX   VBOXAPIC 00000001 ASL  00000061)
[    0.000000] ACPI: SSDT 0x000000003FFF02A0 0001CC (v01 VBOX   VBOXCPUT 00000002 INTL 20100528)
[    0.000000] No NUMA configuration found
[    0.000000] Faking a node at [mem 0x0000000000000000-0x000000003ffeffff]
[    0.000000] NODE_DATA(0) allocated [mem 0x3ffeb000-0x3ffeffff]
[    0.000000] kvm-clock: Using msrs 4b564d01 and 4b564d00
[    0.000000] kvm-clock: cpu 0, msr 0:3ffe3001, primary cpu clock
[    0.000000] kvm-clock: using sched offset of 3147042547 cycles
[    0.000000] clocksource: kvm-clock: mask: 0xffffffffffffffff max_cycles: 0x1cd42e4dffb, max_idle_ns: 881590591483 ns
[    0.000000] Zone ranges:
[    0.000000]   DMA      [mem 0x0000000000001000-0x0000000000ffffff]
[    0.000000]   DMA32    [mem 0x0000000001000000-0x000000003ffeffff]
[    0.000000]   Normal   empty
[    0.000000]   Device   empty
[    0.000000] Movable zone start for each node
[    0.000000] Early memory node ranges
[    0.000000]   node   0: [mem 0x0000000000001000-0x000000000009efff]
[    0.000000]   node   0: [mem 0x0000000000100000-0x000000003ffeffff]
[    0.000000] Initmem setup node 0 [mem 0x0000000000001000-0x000000003ffeffff]
[    0.000000] ACPI: PM-Timer IO Port: 0x4008
[    0.000000] IOAPIC[0]: apic_id 2, version 32, address 0xfec00000, GSI 0-23
[    0.000000] ACPI: INT_SRC_OVR (bus 0 bus_irq 0 global_irq 2 dfl dfl)
[    0.000000] ACPI: INT_SRC_OVR (bus 0 bus_irq 9 global_irq 9 high level)
[    0.000000] Using ACPI (MADT) for SMP configuration information
[    0.000000] smpboot: Allowing 2 CPUs, 0 hotplug CPUs
[    0.000000] PM: Registered nosave memory: [mem 0x00000000-0x00000fff]
[    0.000000] PM: Registered nosave memory: [mem 0x0009f000-0x0009ffff]
[    0.000000] PM: Registered nosave memory: [mem 0x000a0000-0x000effff]
[    0.000000] PM: Registered nosave memory: [mem 0x000f0000-0x000fffff]
[    0.000000] e820: [mem 0x40000000-0xfebfffff] available for PCI devices
[    0.000000] Booting paravirtualized kernel on KVM
[    0.000000] clocksource: refined-jiffies: mask: 0xffffffff max_cycles: 0xffffffff, max_idle_ns: 7645519600211568 ns
[    0.000000] setup_percpu: NR_CPUS:512 nr_cpumask_bits:512 nr_cpu_ids:2 nr_node_ids:1
[    0.000000] PERCPU: Embedded 33 pages/cpu @ffff88003fc00000 s98264 r8192 d28712 u1048576
[    0.000000] PV qspinlock hash table entries: 256 (order: 0, 4096 bytes)
[    0.000000] Built 1 zonelists in Node order, mobility grouping on.  Total pages: 257913
[    0.000000] Policy zone: DMA32
[    0.000000] Kernel command line: BOOT_IMAGE=/boot/vmlinuz-4.4.0-78-generic root=LABEL=cloudimg-rootfs ro console=tty1 console=ttyS0
[    0.000000] PID hash table entries: 4096 (order: 3, 32768 bytes)
[    0.000000] Memory: 1001784K/1048120K available (8469K kernel code, 1294K rwdata, 3984K rodata, 1484K init, 1316K bss, 46336K reserved, 0K cma-reserved)
[    0.000000] SLUB: HWalign=64, Order=0-3, MinObjects=0, CPUs=2, Nodes=1
[    0.000000] Hierarchical RCU implementation.
[    0.000000] 	Build-time adjustment of leaf fanout to 64.
[    0.000000] 	RCU restricting CPUs from NR_CPUS=512 to nr_cpu_ids=2.
[    0.000000] RCU: Adjusting geometry for rcu_fanout_leaf=64, nr_cpu_ids=2
[    0.000000] NR_IRQS:33024 nr_irqs:440 16
[    0.000000] Console: colour VGA+ 80x25
[    0.000000] console [tty1] enabled
[    0.000000] console [ttyS0] enabled
[    0.000000] tsc: Detected 2294.688 MHz processor
[    5.825897] Calibrating delay loop (skipped) preset value.. 4589.37 BogoMIPS (lpj=9178752)
[    5.827337] pid_max: default: 32768 minimum: 301
[    5.828113] ACPI: Core revision 20150930
[    5.851364] ACPI: 2 ACPI AML tables successfully acquired and loaded
[    5.852503] Security Framework initialized
[    5.860606] Yama: becoming mindful.
[    5.910381] AppArmor: AppArmor initialized
[    5.953569] Dentry cache hash table entries: 131072 (order: 8, 1048576 bytes)
[    6.015190] Inode-cache hash table entries: 65536 (order: 7, 524288 bytes)
[    6.090921] Mount-cache hash table entries: 2048 (order: 2, 16384 bytes)
[    6.154784] Mountpoint-cache hash table entries: 2048 (order: 2, 16384 bytes)
[    6.239608] Initializing cgroup subsys io
[    6.240325] Initializing cgroup subsys memory
[    6.241074] Initializing cgroup subsys devices
[    6.241831] Initializing cgroup subsys freezer
[    6.263441] Initializing cgroup subsys net_cls
[    6.264203] Initializing cgroup subsys perf_event
[    6.264991] Initializing cgroup subsys net_prio
[    6.282801] Initializing cgroup subsys hugetlb
[    6.313795] Initializing cgroup subsys pids
[    6.399203] CPU: Physical Processor ID: 0
[    6.499649] CPU: Processor Core ID: 0
[    6.583251] mce: CPU supports 0 MCE banks
[    6.690071] Last level iTLB entries: 4KB 1024, 2MB 1024, 4MB 1024
[    6.771246] Last level dTLB entries: 4KB 1024, 2MB 1024, 4MB 1024, 1GB 4
[    6.888530] Freeing SMP alternatives memory: 32K (ffffffff820b8000 - ffffffff820c0000)
[    6.996034] ftrace: allocating 32120 entries in 126 pages
[    7.118212] smpboot: APIC(0) Converting physical 0 to logical package 0
[    7.288166] smpboot: Max logical packages: 1
[    7.368328] x2apic enabled
[    7.438170] Switched APIC routing to physical x2apic.
[    7.538609] ..TIMER: vector=0x30 apic1=0 pin1=2 apic2=-1 pin2=-1
[    7.797735] smpboot: CPU0: Intel(R) Core(TM) i7-4850HQ CPU @ 2.30GHz (family: 0x6, model: 0x46, stepping: 0x1)
[    7.905212] Performance Events: unsupported p6 CPU model 70 no PMU driver, software events only.
[    8.089369] KVM setup paravirtual spinlock
[    8.166618] x86: Booting SMP configuration:
[    8.270730] .... node  #0, CPUs:      #1
[    8.346837] kvm-clock: cpu 1, msr 0:3ffe3041, secondary cpu clock
[    8.510370] mce: CPU supports 0 MCE banks
[    8.577252] x86: Booted up 1 node, 2 CPUs
[    8.657941] smpboot: Total of 2 processors activated (9178.75 BogoMIPS)
[    8.798615] devtmpfs: initialized
[    8.872413] evm: security.selinux
[    8.918504] evm: security.SMACK64
[    8.935815] evm: security.SMACK64EXEC
[    8.959857] evm: security.SMACK64TRANSMUTE
[    9.003745] evm: security.SMACK64MMAP
[    9.052234] evm: security.ima
[    9.106220] evm: security.capability
[    9.195249] clocksource: jiffies: mask: 0xffffffff max_cycles: 0xffffffff, max_idle_ns: 7645041785100000 ns
[    9.437880] futex hash table entries: 512 (order: 3, 32768 bytes)
[    9.519988] pinctrl core: initialized pinctrl subsystem
[    9.554666] RTC time: 15:34:23, date: 05/19/17
[    9.635469] NET: Registered protocol family 16
[    9.723082] cpuidle: using governor ladder
[    9.822228] cpuidle: using governor menu
[    9.884671] PCCT header not found.
[    9.929781] ACPI: bus type PCI registered
[   10.007561] acpiphp: ACPI Hot Plug PCI Controller Driver version: 0.5
[   10.046004] PCI: Using configuration type 1 for base access
[   10.096798] ACPI: Added _OSI(Module Device)
[   10.124973] ACPI: Added _OSI(Processor Device)
[   10.157354] ACPI: Added _OSI(3.0 _SCP Extensions)
[   10.211592] ACPI: Added _OSI(Processor Aggregator Device)
[   10.257003] ACPI: Executed 1 blocks of module-level executable AML code
[   10.315087] ACPI: Interpreter enabled
[   10.347619] ACPI: (supports S0 S5)
[   10.377795] ACPI: Using IOAPIC for interrupt routing
[   10.418720] PCI: Using host bridge windows from ACPI; if necessary, use "pci=nocrs" and report a bug
[   10.505812] ACPI: PCI Root Bridge [PCI0] (domain 0000 [bus 00-ff])
[   10.542782] acpi PNP0A03:00: _OSC: OS supports [ASPM ClockPM Segments MSI]
[   10.630096] acpi PNP0A03:00: _OSC failed (AE_NOT_FOUND); disabling ASPM
[   10.760078] acpi PNP0A03:00: fail to add MMCONFIG information, can't access extended PCI configuration space under this bridge.
[   10.832597] PCI host bridge to bus 0000:00
[   10.931541] pci_bus 0000:00: root bus resource [io  0x0000-0x0cf7 window]
[   11.078284] pci_bus 0000:00: root bus resource [io  0x0d00-0xffff window]
[   11.133197] pci_bus 0000:00: root bus resource [mem 0x000a0000-0x000bffff window]
[   11.256967] pci_bus 0000:00: root bus resource [mem 0x40000000-0xffdfffff window]
[   11.327432] pci_bus 0000:00: root bus resource [bus 00-ff]
[   11.348694] pci 0000:00:01.1: legacy IDE quirk: reg 0x10: [io  0x01f0-0x01f7]
[   11.426108] pci 0000:00:01.1: legacy IDE quirk: reg 0x14: [io  0x03f6]
[   11.491173] pci 0000:00:01.1: legacy IDE quirk: reg 0x18: [io  0x0170-0x0177]
[   11.562544] pci 0000:00:01.1: legacy IDE quirk: reg 0x1c: [io  0x0376]
[   11.621578] pci 0000:00:07.0: quirk: [io  0x4000-0x403f] claimed by PIIX4 ACPI
[   11.664581] pci 0000:00:07.0: quirk: [io  0x4100-0x410f] claimed by PIIX4 SMB
[   11.716341] ACPI: PCI Interrupt Link [LNKA] (IRQs 5 9 10 *11)
[   11.771658] ACPI: PCI Interrupt Link [LNKB] (IRQs 5 9 10 *11)
[   11.822182] ACPI: PCI Interrupt Link [LNKC] (IRQs 5 9 *10 11)
[   11.852343] ACPI: PCI Interrupt Link [LNKD] (IRQs 5 *9 10 11)
[   11.901782] ACPI: Enabled 2 GPEs in block 00 to 07
[   11.946038] vgaarb: setting as boot device: PCI:0000:00:02.0
[   11.982027] vgaarb: device added: PCI:0000:00:02.0,decodes=io+mem,owns=io+mem,locks=none
[   12.071076] vgaarb: loaded
[   12.101387] vgaarb: bridge control possible 0000:00:02.0
[   12.157363] SCSI subsystem initialized
[   12.177244] ACPI: bus type USB registered
[   12.196783] usbcore: registered new interface driver usbfs
[   12.227423] usbcore: registered new interface driver hub
[   12.258738] usbcore: registered new device driver usb
[   12.297200] PCI: Using ACPI for IRQ routing
[   12.316096] NetLabel: Initializing
[   12.339953] NetLabel:  domain hash size = 128
[   12.385593] NetLabel:  protocols = UNLABELED CIPSOv4
[   12.421519] NetLabel:  unlabeled traffic allowed by default
[   12.463806] amd_nb: Cannot enumerate AMD northbridges
[   12.504641] clocksource: Switched to clocksource kvm-clock
[   12.569728] AppArmor: AppArmor Filesystem Enabled
[   12.639509] pnp: PnP ACPI init
[   12.641000] pnp: PnP ACPI: found 3 devices
[   12.651300] clocksource: acpi_pm: mask: 0xffffff max_cycles: 0xffffff, max_idle_ns: 2085701024 ns
[   12.701373] NET: Registered protocol family 2
[   12.702308] TCP established hash table entries: 8192 (order: 4, 65536 bytes)
[   12.798596] TCP bind hash table entries: 8192 (order: 5, 131072 bytes)
[   12.800913] TCP: Hash tables configured (established 8192 bind 8192)
[   12.801922] UDP hash table entries: 512 (order: 2, 16384 bytes)
[   12.837815] UDP-Lite hash table entries: 512 (order: 2, 16384 bytes)
[   12.976279] NET: Registered protocol family 1
[   13.072092] pci 0000:00:00.0: Limiting direct PCI/PCI transfers
[   13.178082] pci 0000:00:01.0: Activating ISA DMA hang workarounds
[   13.297352] Unpacking initramfs...
[   14.907137] Freeing initrd memory: 10796K (ffff880036ada000 - ffff880037565000)
[   15.104391] platform rtc_cmos: registered platform RTC device (no PNP device found)
[   15.308665] Scanning for low memory corruption every 60 seconds
[   15.456454] audit: initializing netlink subsys (disabled)
[   15.518472] audit: type=2000 audit(1495208062.979:1): initialized
[   15.617680] Initialise system trusted keyring
[   15.738410] HugeTLB registered 2 MB page size, pre-allocated 0 pages
[   15.877389] zbud: loaded
[   15.939792] VFS: Disk quotas dquot_6.6.0
[   16.031072] VFS: Dquot-cache hash table entries: 512 (order 0, 4096 bytes)
[   16.213941] tsc: Refined TSC clocksource calibration: 2294.396 MHz
[   16.390644] clocksource: tsc: mask: 0xffffffffffffffff max_cycles: 0x2112875189f, max_idle_ns: 440795248501 ns
[   16.391040] squashfs: version 4.0 (2009/01/31) Phillip Lougher
[   16.391320] fuse init (API version 7.23)
[   16.391460] Key type big_key registered
[   16.391479] Allocating IMA MOK and blacklist keyrings.
[   16.391705] Key type asymmetric registered
[   16.391712] Asymmetric key parser 'x509' registered
[   16.391751] Block layer SCSI generic (bsg) driver version 0.4 loaded (major 249)
[   16.391786] io scheduler noop registered
[   16.391788] io scheduler deadline registered (default)
[   16.391819] io scheduler cfq registered
[   16.391975] pci_hotplug: PCI Hot Plug PCI Core version: 0.5
[   16.391982] pciehp: PCI Express Hot Plug Controller Driver version: 0.4
[   16.392379] ACPI: AC Adapter [AC] (on-line)
[   16.392444] input: Power Button as /devices/LNXSYSTM:00/LNXPWRBN:00/input/input0
[   16.392448] ACPI: Power Button [PWRF]
[   16.392532] input: Sleep Button as /devices/LNXSYSTM:00/LNXSLPBN:00/input/input1
[   16.392534] ACPI: Sleep Button [SLPF]
[   16.392697] GHES: HEST is not enabled!
[   16.393913] ACPI: Battery Slot [BAT0] (battery present)
[   16.393961] Serial: 8250/16550 driver, 32 ports, IRQ sharing enabled
[   16.605090] 00:02: ttyS0 at I/O 0x3f8 (irq = 4, base_baud = 115200) is a 16550A
[   16.711062] Linux agpgart interface v0.103
[   16.789090] loop: module loaded
[   16.789532] scsi host0: ata_piix
[   16.789575] scsi host1: ata_piix
[   16.789598] ata1: PATA max UDMA/33 cmd 0x1f0 ctl 0x3f6 bmdma 0xd000 irq 14
[   16.789599] ata2: PATA max UDMA/33 cmd 0x170 ctl 0x376 bmdma 0xd008 irq 15
[   16.789657] libphy: Fixed MDIO Bus: probed
[   16.789659] tun: Universal TUN/TAP device driver, 1.6
[   16.789659] tun: (C) 1999-2004 Max Krasnyansky <maxk@qualcomm.com>
[   16.789921] PPP generic driver version 2.4.2
[   16.789966] ehci_hcd: USB 2.0 'Enhanced' Host Controller (EHCI) Driver
[   16.789969] ehci-pci: EHCI PCI platform driver
[   16.789981] ehci-platform: EHCI generic platform driver
[   16.789987] ohci_hcd: USB 1.1 'Open' Host Controller (OHCI) Driver
[   16.789990] ohci-pci: OHCI PCI platform driver
[   16.789996] ohci-platform: OHCI generic platform driver
[   16.790002] uhci_hcd: USB Universal Host Controller Interface driver
[   16.790046] i8042: PNP: PS/2 Controller [PNP0303:PS2K,PNP0f03:PS2M] at 0x60,0x64 irq 1,12
[   16.790939] serio: i8042 KBD port at 0x60,0x64 irq 1
[   16.790943] serio: i8042 AUX port at 0x60,0x64 irq 12
[   16.791034] mousedev: PS/2 mouse device common for all mice
[   16.791279] rtc_cmos rtc_cmos: rtc core: registered rtc_cmos as rtc0
[   16.791325] rtc_cmos rtc_cmos: alarms up to one day, 114 bytes nvram
[   16.791330] i2c /dev entries driver
[   16.791375] device-mapper: uevent: version 1.0.3
[   16.791417] device-mapper: ioctl: 4.34.0-ioctl (2015-10-28) initialised: dm-devel@redhat.com
[   16.791435] ledtrig-cpu: registered to indicate activity on CPUs
[   16.791652] NET: Registered protocol family 10
[   16.791773] NET: Registered protocol family 17
[   16.791783] Key type dns_resolver registered
[   16.939985] microcode: CPU0 sig=0x40661, pf=0x40, revision=0x0
[   16.940025] microcode: CPU1 sig=0x40661, pf=0x40, revision=0x0
[   16.940117] microcode: Microcode Update Driver: v2.01 <tigran@aivazian.fsnet.co.uk>, Peter Oruba
[   16.940237] registered taskstats version 1
[   16.940249] Loading compiled-in X.509 certificates
[   16.940828] Loaded X.509 cert 'Build time autogenerated kernel key: 779fd75203f0d36b99b83c7328fac831ec7adf9e'
[   16.940851] zswap: loaded using pool lzo/zbud
[   16.942012] Key type trusted registered
[   16.943931] Key type encrypted registered
[   16.943936] AppArmor: AppArmor sha1 policy hashing enabled
[   16.943938] ima: No TPM chip found, activating TPM-bypass!
[   16.943960] evm: HMAC attrs: 0x1
[   16.944227]   Magic number: 1:43:589
[   17.066569] rtc_cmos rtc_cmos: setting system clock to 2017-05-19 15:34:31 UTC (1495208071)
[   17.066700] BIOS EDD facility v0.16 2004-Jun-25, 0 devices found
[   17.066700] EDD information not available.
[   17.244305] input: AT Translated Set 2 keyboard as /devices/platform/i8042/serio0/input/input2
[   19.919839] Freeing unused kernel memory: 1484K (ffffffff81f45000 - ffffffff820b8000)
[   19.976174] Write protecting the kernel read-only data: 14336k
[   20.068586] Freeing unused kernel memory: 1760K (ffff880001848000 - ffff880001a00000)
[   20.074729] Freeing unused kernel memory: 112K (ffff880001de4000 - ffff880001e00000)
Loading, please [   20.177049] random: systemd-udevd: uninitialized urandom read (16 bytes read, 3 bits of entropy available)
wait...
startin[   20.177557] random: udevadm: uninitialized urandom read (16 bytes read, 3 bits of entropy available)
g version 229
[   20.177589] random: udevadm: uninitialized urandom read (16 bytes read, 3 bits of entropy available)
[   20.177682] random: udevadm: uninitialized urandom read (16 bytes read, 3 bits of entropy available)
[   20.177715] random: udevadm: uninitialized urandom read (16 bytes read, 3 bits of entropy available)
[   20.177750] random: udevadm: uninitialized urandom read (16 bytes read, 3 bits of entropy available)
[   20.177793] random: udevadm: uninitialized urandom read (16 bytes read, 3 bits of entropy available)
[   20.177826] random: udevadm: uninitialized urandom read (16 bytes read, 3 bits of entropy available)
[   20.177857] random: udevadm: uninitialized urandom read (16 bytes read, 3 bits of entropy available)
[   20.177892] random: udevadm: uninitialized urandom read (16 bytes read, 3 bits of entropy available)
[   22.061666] e1000: Intel(R) PRO/1000 Network Driver - version 7.3.21-k8-NAPI
[   22.106760] e1000: Copyright (c) 1999-2006 Intel Corporation.
[   22.232441] AVX version of gcm_enc/dec engaged.
[   22.234793] Fusion MPT base driver 3.04.20
[   22.234794] Copyright (c) 1999-2008 LSI Corporation
[   22.706670] AES CTR mode by8 optimization enabled
[   22.866136] input: ImExPS/2 Generic Explorer Mouse as /devices/platform/i8042/serio1/input/input4
[   23.174879] Fusion MPT SPI Host driver 3.04.20
[   23.480898] e1000 0000:00:03.0 eth0: (PCI:33MHz:32-bit) 02:e9:e1:5e:08:22
[   23.713826] e1000 0000:00:03.0 eth0: Intel(R) PRO/1000 Network Connection
[   23.755401] e1000 0000:00:03.0 enp0s3: renamed from eth0
[   23.755503] mptbase: ioc0: Initiating bringup
[   23.817919] ioc0: LSI53C1030 A0: Capabilities={Initiator}
[   24.104754] scsi host2: ioc0: LSI53C1030 A0, FwRev=00000000h, Ports=1, MaxQ=256, IRQ=20
[   24.404089] scsi 2:0:0:0: Direct-Access     VBOX     HARDDISK         1.0  PQ: 0 ANSI: 5
[   24.585172] scsi target2:0:0: Beginning Domain Validation
[   24.634889] scsi target2:0:0: Domain Validation skipping write tests
[   24.731478] scsi target2:0:0: Ending Domain Validation
[   24.743552] scsi target2:0:0: asynchronous
[   24.799025] scsi 2:0:1:0: Direct-Access     VBOX     HARDDISK         1.0  PQ: 0 ANSI: 5
[   24.902015] scsi target2:0:1: Beginning Domain Validation
[   24.959254] scsi target2:0:1: Domain Validation skipping write tests
[   25.014469] scsi target2:0:1: Ending Domain Validation
[   25.037979] scsi target2:0:1: asynchronous
[   25.060806] sd 2:0:0:0: [sda] 20971520 512-byte logical blocks: (10.7 GB/10.0 GiB)
[   25.060859] sd 2:0:0:0: Attached scsi generic sg0 type 0
[   25.061302] sd 2:0:1:0: Attached scsi generic sg1 type 0
[   25.061445] sd 2:0:1:0: [sdb] 20480 512-byte logical blocks: (10.5 MB/10.0 MiB)
[   25.061548] sd 2:0:1:0: [sdb] Write Protect is off
[   25.061612] sd 2:0:1:0: [sdb] Incomplete mode parameter data
[   25.061613] sd 2:0:1:0: [sdb] Assuming drive cache: write through
[   25.063360] sd 2:0:1:0: [sdb] Attached SCSI disk
[   25.349296] floppy0: no floppy controllers found
[   25.349337] work still pending
[   25.411429] sd 2:0:0:0: [sda] Write Protect is off
[   25.539538] sd 2:0:0:0: [sda] Incomplete mode parameter data
[   25.662083] sd 2:0:0:0: [sda] Assuming drive cache: write through
[   25.759973]  sda: sda1
[   25.793265] sd 2:0:0:0: [sda] Attached SCSI disk
Begin: Loading e[   27.158869] md: linear personality registered for level -1
ssential drivers ... [   27.216919] md: multipath personality registered for level -4
[   27.279595] md: raid0 personality registered for level 0
[   27.319996] md: raid1 personality registered for level 1
[   27.433084] raid6: sse2x1   gen()  9693 MB/s
[   27.520735] raid6: sse2x1   xor()  7580 MB/s
[   27.612711] raid6: sse2x2   gen()  8911 MB/s
[   27.705064] raid6: sse2x2   xor()  7874 MB/s
[   27.805120] raid6: sse2x4   gen() 13948 MB/s
[   27.925091] raid6: sse2x4   xor() 10074 MB/s
[   27.987499] raid6: using algorithm sse2x4 gen() 13948 MB/s
[   28.060202] raid6: .... xor() 10074 MB/s, rmw enabled
[   28.146931] raid6: using ssse3x2 recovery algorithm
[   28.264095] xor: automatically using best checksumming function:
[   28.453335]    avx       : 46220.000 MB/sec
[   28.582958] async_tx: api initialized (async)
[   28.675333] md: raid6 personality registered for level 6
[   28.699848] md: raid5 personality registered for level 5
[   28.776530] md: raid4 personality registered for level 4
[   28.858684] md: raid10 personality registered for level 10
done.
Begin: Running[   29.012503] Btrfs loaded
 /scripts/init-premount ... done.
Begin: Mounting root file system ... Begin: R[   29.116021] EXT4-fs (sda1): mounted filesystem with ordered data mode. Opts: (null)
unning /scripts/local-top ... done.
Begin: Running /scripts/local-premount ... Scanning for Btrfs filesystems
done.
Warning: fsck not present, so skipping root file system
done.
Begin: Running /scripts/local-bottom ... done.
Begin: Running /scripts/init-bottom ... done.
[   29.372787] systemd[1]: systemd 229 running in system mode. (+PAM +AUDIT +SELINUX +IMA +APPARMOR +SMACK +SYSVINIT +UTMP +LIBCRYPTSETUP +GCRYPT +GNUTLS +ACL +XZ -LZ4 +SECCOMP +BLKID +ELFUTILS +KMOD -IDN)
[   29.693537] systemd[1]: Detected virtualization oracle.
[   29.778242] systemd[1]: Detected architecture x86-64.

Welcome to [1mUbuntu 16.04.2 LTS[0m!

[   29.889577] systemd[1]: Set hostname to <ubuntu-xenial>.
[   30.106008] systemd[1]: Listening on LVM2 poll daemon socket.
[[0;32m  OK  [0m] Listening on LVM2 poll daemon socket.
[   30.293206] systemd[1]: Listening on Journal Audit Socket.
[[0;32m  OK  [0m] Listening on Journal Audit Socket.
[   30.481450] systemd[1]: Created slice System Slice.
[[0;32m  OK  [0m] Created slice System Slice.
[   30.645466] systemd[1]: Listening on Journal Socket.
[[0;32m  OK  [0m] Listening on Journal Socket.
[   30.817023] systemd[1]: Starting Create list of required static device nodes for the current kernel...
         Starting Create list of required st... nodes for the current kernel...
[   30.997143] systemd[1]: Mounting POSIX Message Queue File System...
         Mounting POSIX Message Queue File System...
[   31.153184] systemd[1]: Mounting Huge Pages File System...
         Mounting Huge Pages File System...
[   31.296971] systemd[1]: Starting Set console keymap...
         Starting Set console keymap...
[   31.429482] systemd[1]: Listening on udev Kernel Socket.
[[0;32m  OK  [0m] Listening on udev Kernel Socket.
[   31.431938] systemd[1]: Mounting Debug File System...
         Mounting Debug File System...
[   31.562032] random: nonblocking pool is initialized
[   31.689182] systemd[1]: Starting Load Kernel Modules...
         Starting Load Ke[   31.763149] Loading iSCSI transport class v2.0-870.
rnel Modules...
[   31.896159] systemd[1]: Listening on Syslog Socket.
[[0;32m  OK  [0[   31.911752] iscsi: registered transport (tcp)
m] Listening on Syslog Socket.
[   31.965688] iscsi: registered transport (iser)
[   31.984858] systemd[1]: Reached target User and Group Name Lookups.
[[0;32m  OK  [0m] Reached target User and Group Name Lookups.
[   32.046001] systemd[1]: Listening on Journal Socket (/dev/log).
[[0;32m  OK  [0m] Listening on Journal Socket (/dev/log).
[   32.141592] systemd[1]: Started Forward Password Requests to Wall Directory Watch.
[[0;32m  OK  [0m] Started Forward Password Requests to Wall Directory Watch.
[   32.341181] systemd[1]: Reached target Swap.
[[0;32m  OK  [0m] Reached target Swap.
[   32.384979] systemd[1]: Listening on /dev/initctl Compatibility Named Pipe.
[[0;32m  OK  [0m] Listening on /dev/initctl Compatibility Named Pipe.
[   32.497022] systemd[1]: Listening on udev Control Socket.
[[0;32m  OK  [0m] Listening on udev Control Socket.
[   32.561165] systemd[1]: Starting Journal Service...
         Starting Journal Service...
[   32.586487] systemd[1]: Listening on Device-mapper event daemon FIFOs.
[[0;32m  OK  [0m] Listening on Device-mapper event daemon FIFOs.
[   32.625883] systemd[1]: Reached target Encrypted Volumes.
[[0;32m  OK  [0m] Reached target Encrypted Volumes.
[   32.692902] systemd[1]: Starting Nameserver information manager...
         Starting Nameserver information manager...
[   32.738361] systemd[1]: Starting Remount Root and Kernel File Systems...
[   32.741810] EXT4-fs (sda1): re-mounted. Opts: (null)
         Starting Remount Root and Kernel File Systems...
[   32.837093] systemd[1]: Started Trigger resolvconf update for networkd DNS.
[[0;32m  OK  [0m] Started Trigger resolvconf update for networkd DNS.
[   32.901527] systemd[1]: Created slice User and Session Slice.
[[0;32m  OK  [0m] Created slice User and Session Slice.
[   33.005088] systemd[1]: Reached target Slices.
[[0;32m  OK  [0m] Reached target Slices.
[   33.077057] systemd[1]: Set up automount Arbitrary Executable File Formats File System Automount Point.
[[0;32m  OK  [0m] Set up automount Arbitrary Executab...ats File System Automount Point.
[   33.250094] systemd[1]: Listening on LVM2 metadata daemon socket.
[[0;32m  OK  [0m] Listening on LVM2 metadata daemon socket.
[   33.377176] systemd[1]: Starting Monitoring of LVM2 mirrors, snapshots etc. using dmeventd or progress polling...
         Starting Monitoring of LVM2 mirrors... dmeventd or progress polling...
[   33.535844] systemd[1]: Created slice system-serial\x2dgetty.slice.
[[0;32m  OK  [0m] Created slice system-serial\x2dgetty.slice.
[   33.580942] systemd[1]: Starting Uncomplicated firewall...
         Starting Uncomplicated firewall...
[   33.658119] systemd[1]: Mounted Huge Pages File System.
[[0;32m  OK  [0m] Mounted Huge Pages File System.
[   33.757108] systemd[1]: Mounted Debug File System.
[[0;32m  OK  [0m] Mounted Debug File System.
[   33.865200] systemd[1]: Mounted POSIX Message Queue File System.
[[0;32m  OK  [0m] Mounted POSIX Message Queue File System.
[   33.933134] systemd[1]: Started Journal Service.
[[0;32m  OK  [0m] Started Journal Service.
[[0;32m  OK  [0m] Started Create list of required sta...ce nodes for the current kernel.
[[0;32m  OK  [0m] Started Set console keymap.
[[0;32m  OK  [0m] Started Load Kernel Modules.
[[0;32m  OK  [0m] Started Remount Root and Kernel File Systems.
[[0;32m  OK  [0m] Started Uncomplicated firewall.
[[0;32m  OK  [0m] Started Nameserver information manager.
[[0;32m  OK  [0m] Started LVM2 metadata daemon.
         Starting Initial cloud-init job (pre-networking)...
         Starting Load/Save Random Seed...
         Starting udev Coldplug all Devices...
         Mounting FUSE Control File System...
         Starting Apply Kernel Variables...
         Starting Create Static Device Nodes in /dev...
         Starting Flush Journal to Persistent Storage...
[[0;32m  OK  [0m] Mounted FUSE Control File System.
[[0;32m  OK  [0m] Started Load/Save Random Seed.
[[0;32m  OK  [0m] Started Apply Kernel Variables.
[[0;32m  OK  [0m] Started Create Static Device Nodes in /dev.
[[0;32m  OK  [0m] Started udev Coldplug all Devices.
[[0;32m  OK  [0m] Started Flush Journal to Persistent Storage.
         Starting udev Kernel Device Manager...
[[0;32m  OK  [0m] Started udev Kernel Device Manager.
[[0;32m  OK  [0m] Started Monitoring of LVM2 mirrors,...ng dmeventd or progress polling.
[[0;32m  OK  [0m] Started Dispatch Password Requests to Console Directory Watch.
[[0;32m  OK  [0m] Reached target Local File Systems (Pre).
[[0;32m  OK  [0m] Reached target Local File Systems.
         Starting Create Volatile Files and Directories...
         Starting Tell Plymouth To Write Out Runtime Data...
         Starting Set console font and keymap...
         Starting LSB: AppArmor initialization...
[[0;32m  OK  [0m] Started Tell Plymouth To Write Out Runtime Data.
[   23.573887] cloud-init[439]: Cloud-init v. 0.7.9 running 'init-local' at Fri, 19 May 2017 15:34:49 +0000. Up 23.14 seconds.
[[0;32m  OK  [0m] Started Initial cloud-init job (pre-networking).
[[0;32m  OK  [0m] Started Create Volatile Files and Directories.
[[0;32m  OK  [0m] Found device /dev/ttyS0.
[[0;32m  OK  [0m] Listening on Load/Save RF Kill Switch Status /dev/rfkill Watch.
         Starting Update UTMP about System Boot/Shutdown...
[[0;32m  OK  [0m] Reached target System Time Synchronized.
[[0;32m  OK  [0m] Reached target Network (Pre).
[[0;32m  OK  [0m] Started LSB: AppArmor initialization.
[[0;32m  OK  [0m] Started Set console font and keymap.
[[0;32m  OK  [0m] Started Update UTMP about System Boot/Shutdown.
[[0;32m  OK  [0m] Created slice system-getty.slice.
[[0;32m  OK  [0m] Started ifup for enp0s3.
         Starting Raise network interfaces...
[[0;32m  OK  [0m] Started Raise network interfaces.
[[0;32m  OK  [0m] Reached target Network.
         Starting Initial cloud-init job (metadata service crawler)...
[   26.776393] cloud-init[960]: Cloud-init v. 0.7.9 running 'init' at Fri, 19 May 2017 15:34:52 +0000. Up 26.56 seconds.
[   26.860319] [cloud-init[0;32m  OK  [0m[960]: ] ci-info: +++++++++++++++++++++++++++++++++++++Net device info+++++++++++++++++++++++++++++++++++++Started Initial cloud-init job (metadata service crawler).

[   26.860775] cloud-init[960]: ci-info: +--------+------+---------------------------+---------------+-------+-------------------+
[   27.045006] [cloud-init[0;32m  OK  [0m[960]: ] ci-info: | Device |  Up  |          Address          |      Mask     | Scope |     Hw-Address    |Reached target System Initialization.

[   27.045586]          cloud-initStarting Socket activation for snappy daemon.[960]: 
ci-info: +--------+------+---------------------------+---------------+-------+-------------------+
[   27.292300] [cloud-init[0;32m  OK  [0m[960]: ] ci-info: |   lo   | True |         127.0.0.1         |   255.0.0.0   |   .   |         .         |Listening on ACPID Listen Socket.

[   27.404226]          cloud-initStarting LXD - unix socket.[960]: 
ci-info: |   lo   | True |          ::1/128          |       .       |  host |         .         |
[   27.508346] [cloud-init[0;32m  OK  [0m] Started Timer to automatically refresh installed snaps.
[960]: ci-info: | enp0s3 | True |         10.0.2.15         | 255.255.255.0 |   .   | 02:e9:e1:5e:08:22 |
[   27.644616] [cloud-init[0;32m  OK  [0m[960]: ] ci-info: | enp0s3 | True | fe80::e9:e1ff:fe5e:822/64 |       .       |  link | 02:e9:e1:5e:08:22 |Started ACPI Events Check.

[   27.764581] [cloud-init[0;32m  OK  [0m[960]: ] ci-info: +--------+------+---------------------------+---------------+-------+-------------------+Reached target Paths.

[[0;32m  OK  [0m] Started Daily apt activities.
[[0;32m  OK  [0m] Listening on D-Bus System Message Bus Socket.
[   27.764983] cloud-init[960]: ci-info: +++++++++++++++++++++++++++Route IPv4 info++++++++++++++++++++++++++++
[   27.974831] [cloud-init[0;32m  OK  [0m[960]: ] ci-info: +-------+-------------+----------+---------------+-----------+-------+Listening on UUID daemon activation socket.

[   28.041297] [cloud-init[0;32m  OK  [0m[960]: ] ci-info: | Route | Destination | Gateway  |    Genmask    | Interface | Flags |Started Daily Cleanup of Temporary Directories.

[   28.041689] [cloud-init[0;32m  OK  [0m[960]: ] ci-info: +-------+-------------+----------+---------------+-----------+-------+Reached target Timers.

[   28.131530] [cloud-init[0;32m  OK  [0m[960]: ] ci-info: |   0   |   0.0.0.0   | 10.0.2.2 |    0.0.0.0    |   enp0s3  |   UG  |Reached target Cloud-config availability.

[   28.131911] [cloud-init[0;32m  OK  [0m[960]: ] ci-info: |   1   |   10.0.2.0  | 0.0.0.0  | 255.255.255.0 |   enp0s3  |   U   |Reached target Network is Online.

[   28.248930]          cloud-initStarting iSCSI initiator daemon (iscsid)...[960]: 
ci-info: +-------+-------------+----------+---------------+-----------+-------+
[[0;32m  OK  [0m] Listening on Socket activation for snappy daemon.
[[0;32m  OK  [0m] Listening on LXD - unix socket.
[[0;32m  OK  [0m] Reached target Sockets.
[[0;32m  OK  [0m] Reached target Basic System.
         Starting Apply the settings specified in cloud-config...
         Starting System Logging Service...
[[0;32m  OK  [0m] Started Regular background program processing daemon.
         Starting LXD - container startup/shutdown...
         Starting /etc/rc.local Compatibility...
[[0;32m  OK  [0m] Started D-Bus System Message Bus.
         Starting OpenBSD Secure Shell server...
[[0;32m  OK  [0m] Started Unattended Upgrades Shutdown.
         Starting LSB: Record successful boot for GRUB...
[   28.770360] cloud-init[1016]: Cloud-init v. 0.7.9 running 'modules:config' at Fri, 19 May 2017 15:34:55 +0000. Up 28.70 seconds.
[[0;32m  OK  [0m] Started FUSE filesystem for LXC.
         Starting Login Service...
[[0;32m  OK  [0m] Started Deferred execution scheduler.
[[0;32m  OK  [0m] Started ACPI event daemon.
         Starting LSB: MD monitoring daemon...
         Starting Accounts Service...
[[0;32m  OK  [0m] Started Snappy daemon.
         Starting Auto import assertions from block devices...
[[0;32m  OK  [0m] Started System Logging Service.
[[0;32m  OK  [0m] Started OpenBSD Secure Shell server.
[[0;32m  OK  [0m] Started iSCSI initiator daemon (iscsid).
[[0;32m  OK  [0m] Started Apply the settings specified in cloud-config.
[[0;32m  OK  [0m] Started LXD - container startup/shutdown.
[[0;32m  OK  [0m] Started /etc/rc.local Compatibility.
[[0;32m  OK  [0m] Started Auto import assertions from block devices.
[[0;32m  OK  [0m] Started LSB: Record successful boot for GRUB.
[[0;32m  OK  [0m] Started LSB: MD monitoring daemon.
[[0;32m  OK  [0m] Started Login Service.
         Starting Authenticate and Authorize Users to Run Privileged Tasks...
         Starting Login to default iSCSI targets...
[[0;32m  OK  [0m] Started Authenticate and Authorize Users to Run Privileged Tasks.
[[0;32m  OK  [0m] Started Accounts Service.
[[0;32m  OK  [0m] Started Login to default iSCSI targets.
[[0;32m  OK  [0m] Reached target Remote File Systems (Pre).
[[0;32m  OK  [0m] Reached target Remote File Systems.
         Starting Permit User Sessions...
         Starting LSB: VirtualBox Linux Additions...
         Starting LSB: automatic crash report generation...
         Starting LSB: Set the CPU Frequency Scaling governor to "ondemand"...
         Starting LSB: daemon to balance interrupts for SMP systems...
[[0;32m  OK  [0m] Started Permit User Sessions.
         Starting Terminate Plymouth Boot Screen...
         Starting Hold until boot process finishes up...
[[0;32m  OK  [0m] Started LSB: VirtualBox Linux Additions.
[[0;32m  OK  [0m] Started LSB: automatic crash report generation.
[[0;32m  OK  [0m] Started LSB: Set the CPU Frequency Scaling governor to "ondemand".
[[0;32m  OK  [0m] Started LSB: daemon to balance interrupts for SMP systems.
[[0;32m  OK  [0m] Started Terminate Plymouth Boot Screen.
[[0;32m  OK  [0m] Started Hold until boot process finishes up.
         Starting Set console scheme...
[[0;32m  OK  [0m] Started Getty on tty1.
[[0;32m  OK  [0m] Started Serial Getty on ttyS0.
[[0;32m  OK  [0m] Reached target Login Prompts.
[[0;32m  OK  [0m] Reached target Multi-User System.
         Starting Execute cloud user/final scripts...
[[0;32m  OK  [0m] Reached target Graphical Interface.
         Starting Update UTMP about System Runlevel Changes...
[[0;32m  OK  [0m] Started Set console scheme.
[[0;32m  OK  [0m] Started Update UTMP about System Runlevel Changes.
[   30.549301] cloud-init[1186]: Cloud-init v. 0.7.9 running 'modules:final' at Fri, 19 May 2017 15:34:56 +0000. Up 30.46 seconds.
[   30.604531] cloud-init[1186]: Cloud-init v. 0.7.9 finished at Fri, 19 May 2017 15:34:56 +0000. Datasource DataSourceNoCloud [seed=/dev/sdb][dsmode=net].  Up 30.54 seconds
[[0;32m  OK  [0m] Started Execute cloud user/final scripts.
[[0;32m  OK  [0m] Reached target Cloud-init target.

Ubuntu 16.04.2 LTS ubuntu-xenial ttyS0

ubuntu-xenial login: 